frame 1/63 4 instruments
frame 2/63 2 instruments
frame 3/63 2 instruments
frame 4/63 2 instruments
frame 5/63 1 instruments
frame 6/63 2 instruments
frame 7/63 4 instruments
frame 8/63 4 instruments
frame 9/63 3 instruments
frame 10/63 3 instruments
frame 11/63 2 instruments
frame 12/63 3 instruments
frame 13/63 1 instruments
frame 14/63 2 instruments
frame 15/63 3 instruments
frame 16/63 3 instruments
frame 17/63 2 instruments
frame 18/63 2 instruments
frame 19/63 3 instruments
frame 20/63 3 instruments
frame 21/63 3 instruments
frame 22/63 2 instruments
frame 23/63 2 instruments
frame 24/63 3 instruments
frame 25/63 3 instruments
frame 26/63 2 instruments
frame 27/63 3 instruments
frame 28/63 3 instruments
frame 29/63 2 instruments
frame 30/63 2 instruments
frame 31/63 3 instruments
frame 32/63 2 instruments
frame 33/63 3 instruments
frame 34/63 3 instruments
frame 35/63 2 instruments
frame 36/63 4 instruments
frame 37/63 4 instruments
frame 38/63 2 instruments
frame 39/63 3 instruments
frame 40/63 3 instruments
frame 41/63 3 instruments
frame 42/63 2 instruments
frame 43/63 2 instruments
frame 44/63 2 instruments
frame 45/63 2 instruments
frame 46/63 3 instruments
frame 47/63 2 instruments
frame 48/63 2 instruments
frame 49/63 2 instruments
frame 50/63 2 instruments
frame 51/63 2 instruments
frame 52/63 3 instruments
frame 53/63 2 instruments
frame 54/63 4 instruments
frame 55/63 1 instruments
frame 56/63 2 instruments
frame 57/63 2 instruments
frame 58/63 2 instruments
frame 59/63 3 instruments
frame 60/63 3 instruments
frame 61/63 2 instruments
frame 62/63 2 instruments
frame 63/63 1 instruments
{
 "gpu": "NVIDIA A100-PCIE-40GB",
 "frames": 60,
 "instruments_per_frame_mean": 2.466666666666667,
 "stages": {
  "large_fp32_single": {
   "mean_ms": 156.38841941642264,
   "median_ms": 156.3929685507901,
   "p95_ms": 157.8962990315631,
   "n": 60
  },
  "large_bf16_single": {
   "mean_ms": 51.22465090632129,
   "median_ms": 51.016316923778504,
   "p95_ms": 51.87920096796006,
   "n": 60
  },
  "large_fp32_flip": {
   "mean_ms": 314.1925722321806,
   "median_ms": 314.52936900313944,
   "p95_ms": 317.49733397737145,
   "n": 60
  },
  "small_fp32_single": {
   "mean_ms": 48.64198243982779,
   "median_ms": 48.64946100860834,
   "p95_ms": 49.491630983538926,
   "n": 60
  },
  "small_bf16_single": {
   "mean_ms": 30.529703929399453,
   "median_ms": 30.537183571141213,
   "p95_ms": 30.823427019640803,
   "n": 60
  },
  "small_fp32_flip": {
   "mean_ms": 94.81648506480269,
   "median_ms": 94.76283856201917,
   "p95_ms": 95.78062198124826,
   "n": 60
  },
  "tiny_fp32_single": {
   "mean_ms": 42.56512389983982,
   "median_ms": 42.52578300656751,
   "p95_ms": 43.19440096151084,
   "n": 60
  },
  "tiny_bf16_single": {
   "mean_ms": 28.208337324516226,
   "median_ms": 28.17876246990636,
   "p95_ms": 28.673408087342978,
   "n": 60
  },
  "tiny_fp32_flip": {
   "mean_ms": 84.4156562234275,
   "median_ms": 84.34164698701352,
   "p95_ms": 85.41203790809959,
   "n": 60
  },
  "classifier_4_members": {
   "mean_ms": 110.64338467937583,
   "median_ms": 109.38191047171131,
   "p95_ms": 154.7034919494763,
   "n": 60
  }
 }
}
