2026-08-31 17:27:34,838 trainable params: 1525031 / 1525031 (100.0%)
2026-08-31 17:27:43,569 epoch 1/20 train_loss=0.7257 val_loss=0.8700 train_macro_f1=0.6679 val_macro_f1=0.5889
2026-08-31 17:27:51,997 epoch 2/20 train_loss=0.5178 val_loss=0.8200 train_macro_f1=0.7152 val_macro_f1=0.6439
2026-08-31 17:28:00,526 epoch 3/20 train_loss=0.4414 val_loss=0.9661 train_macro_f1=0.7765 val_macro_f1=0.6282
2026-08-31 17:28:08,947 epoch 4/20 train_loss=0.3940 val_loss=1.2149 train_macro_f1=0.8213 val_macro_f1=0.5857
2026-08-31 17:28:17,389 epoch 5/20 train_loss=0.3271 val_loss=1.0207 train_macro_f1=0.8059 val_macro_f1=0.6180
2026-08-31 17:28:25,734 epoch 6/20 train_loss=0.2910 val_loss=1.0841 train_macro_f1=0.8776 val_macro_f1=0.6489
2026-08-31 17:28:34,092 epoch 7/20 train_loss=0.2490 val_loss=1.2215 train_macro_f1=0.8977 val_macro_f1=0.6384
2026-08-31 17:28:42,417 epoch 8/20 train_loss=0.2228 val_loss=1.0420 train_macro_f1=0.9008 val_macro_f1=0.6639
2026-08-31 17:28:50,801 epoch 9/20 train_loss=0.2092 val_loss=1.0693 train_macro_f1=0.9210 val_macro_f1=0.6585
2026-08-31 17:28:59,312 epoch 10/20 train_loss=0.1772 val_loss=1.2411 train_macro_f1=0.9383 val_macro_f1=0.6428
2026-08-31 17:29:07,683 epoch 11/20 train_loss=0.1433 val_loss=1.3542 train_macro_f1=0.9367 val_macro_f1=0.6442
2026-08-31 17:29:16,022 epoch 12/20 train_loss=0.1372 val_loss=1.2580 train_macro_f1=0.9511 val_macro_f1=0.6569
2026-08-31 17:29:24,449 epoch 13/20 train_loss=0.1257 val_loss=1.3338 train_macro_f1=0.9594 val_macro_f1=0.6646
2026-08-31 17:29:32,878 epoch 14/20 train_loss=0.1032 val_loss=1.4905 train_macro_f1=0.9710 val_macro_f1=0.6388
2026-08-31 17:29:41,286 epoch 15/20 train_loss=0.0986 val_loss=1.5346 train_macro_f1=0.9766 val_macro_f1=0.6568
2026-08-31 17:29:49,703 epoch 16/20 train_loss=0.0903 val_loss=1.4547 train_macro_f1=0.9745 val_macro_f1=0.6528
2026-08-31 17:29:58,038 epoch 17/20 train_loss=0.0744 val_loss=1.6883 train_macro_f1=0.9563 val_macro_f1=0.6419
2026-08-31 17:30:06,419 epoch 18/20 train_loss=0.0674 val_loss=1.4918 train_macro_f1=0.9238 val_macro_f1=0.6543
2026-08-31 17:30:14,962 epoch 19/20 train_loss=0.0654 val_loss=1.7227 train_macro_f1=0.9641 val_macro_f1=0.6320
2026-08-31 17:30:23,346 epoch 20/20 train_loss=0.0521 val_loss=1.7002 train_macro_f1=0.9912 val_macro_f1=0.6735
run_id: imbalance_weighted_loss_20260831-172734
trainable/total params: 1525031/1525031 (100.0%)
wall clock: 168.5s
| class | AP | precision | recall | F1 |
|---|---|---|---|---|
| Bipolar Forceps | 0.931 | 0.866 | 0.921 | 0.892 |
| Prograsp Forceps | 0.682 | 0.666 | 0.579 | 0.619 |
| Large Needle Driver | 0.893 | 0.826 | 0.761 | 0.792 |
| Monopolar Curved Scissors | 0.974 | 0.915 | 0.944 | 0.929 |
| Suction Instrument | 0.563 | 0.506 | 0.508 | 0.507 |
| Clip Applier | 0.622 | 0.882 | 0.395 | 0.545 |
| Laparoscopic Grasper | 0.420 | 0.600 | 0.333 | 0.429 |
| **mean/macro** | 0.727 | | | 0.673 |
manifest: /home/yzx/Desktop/Classification Surgurical Tools/experiments/imbalance_weighted_loss_20260831-172734/manifest.json
