2026-08-31 18:02:41,276 trainable params: 23522375 / 23522375 (100.0%)
2026-08-31 18:03:01,945 epoch 1/20 train_loss=0.7513 val_loss=0.6278 train_macro_f1=0.6486 val_macro_f1=0.6335
2026-08-31 18:03:22,844 epoch 2/20 train_loss=0.4823 val_loss=0.5174 train_macro_f1=0.7113 val_macro_f1=0.6983
2026-08-31 18:03:43,947 epoch 3/20 train_loss=0.3977 val_loss=0.4859 train_macro_f1=0.7840 val_macro_f1=0.7380
2026-08-31 18:04:04,988 epoch 4/20 train_loss=0.3137 val_loss=0.5733 train_macro_f1=0.8499 val_macro_f1=0.7479
2026-08-31 18:04:26,041 epoch 5/20 train_loss=0.2492 val_loss=0.5282 train_macro_f1=0.8924 val_macro_f1=0.7713
2026-08-31 18:04:46,982 epoch 6/20 train_loss=0.2261 val_loss=0.5454 train_macro_f1=0.8624 val_macro_f1=0.7578
2026-08-31 18:05:07,927 epoch 7/20 train_loss=0.2062 val_loss=0.5211 train_macro_f1=0.8693 val_macro_f1=0.7606
2026-08-31 18:05:28,769 epoch 8/20 train_loss=0.1811 val_loss=0.5797 train_macro_f1=0.9145 val_macro_f1=0.7864
2026-08-31 18:05:49,983 epoch 9/20 train_loss=0.1631 val_loss=0.4838 train_macro_f1=0.8878 val_macro_f1=0.7572
2026-08-31 18:06:10,875 epoch 10/20 train_loss=0.1452 val_loss=0.5441 train_macro_f1=0.9345 val_macro_f1=0.7965
2026-08-31 18:06:32,094 epoch 11/20 train_loss=0.1213 val_loss=0.7789 train_macro_f1=0.9517 val_macro_f1=0.7665
2026-08-31 18:06:52,857 epoch 12/20 train_loss=0.1257 val_loss=0.8794 train_macro_f1=0.9261 val_macro_f1=0.7389
2026-08-31 18:07:13,714 epoch 13/20 train_loss=0.1128 val_loss=0.5782 train_macro_f1=0.9511 val_macro_f1=0.7665
2026-08-31 18:07:34,538 epoch 14/20 train_loss=0.0947 val_loss=0.7410 train_macro_f1=0.9592 val_macro_f1=0.7791
2026-08-31 18:07:55,282 epoch 15/20 train_loss=0.0897 val_loss=0.6217 train_macro_f1=0.9682 val_macro_f1=0.7993
2026-08-31 18:08:16,437 epoch 16/20 train_loss=0.0658 val_loss=0.6785 train_macro_f1=0.9706 val_macro_f1=0.7912
2026-08-31 18:08:37,231 epoch 17/20 train_loss=0.0716 val_loss=0.6122 train_macro_f1=0.9701 val_macro_f1=0.7960
2026-08-31 18:08:58,066 epoch 18/20 train_loss=0.0652 val_loss=0.7029 train_macro_f1=0.9754 val_macro_f1=0.7850
2026-08-31 18:09:18,879 epoch 19/20 train_loss=0.0531 val_loss=0.8024 train_macro_f1=0.9883 val_macro_f1=0.7976
2026-08-31 18:09:39,721 epoch 20/20 train_loss=0.0488 val_loss=0.7032 train_macro_f1=0.9725 val_macro_f1=0.7955
run_id: sweep_resnet50_heavy_20260831-180241
trainable/total params: 23522375/23522375 (100.0%)
wall clock: 418.4s
| class | AP | precision | recall | F1 |
|---|---|---|---|---|
| Bipolar Forceps | 0.980 | 0.942 | 0.866 | 0.902 |
| Prograsp Forceps | 0.740 | 0.683 | 0.600 | 0.639 |
| Large Needle Driver | 0.978 | 0.953 | 0.937 | 0.945 |
| Monopolar Curved Scissors | 0.994 | 0.961 | 0.968 | 0.965 |
| Suction Instrument | 0.765 | 0.794 | 0.573 | 0.665 |
| Clip Applier | 0.905 | 0.938 | 0.789 | 0.857 |
| Laparoscopic Grasper | 0.674 | 0.614 | 0.630 | 0.622 |
| **mean/macro** | 0.862 | | | 0.799 |
manifest: /home/yzx/Desktop/Classification Surgurical Tools/experiments/sweep_resnet50_heavy_20260831-180241/manifest.json
