2026-08-31 17:49:46,373 trainable params: 4210999 / 4210999 (100.0%)
2026-08-31 17:49:57,749 epoch 1/20 train_loss=0.6896 val_loss=0.9685 train_macro_f1=0.7161 val_macro_f1=0.6419
2026-08-31 17:50:08,854 epoch 2/20 train_loss=0.4934 val_loss=0.9089 train_macro_f1=0.7597 val_macro_f1=0.6448
2026-08-31 17:50:19,801 epoch 3/20 train_loss=0.4191 val_loss=0.8670 train_macro_f1=0.7836 val_macro_f1=0.6567
2026-08-31 17:50:30,793 epoch 4/20 train_loss=0.3795 val_loss=0.8136 train_macro_f1=0.8042 val_macro_f1=0.6967
2026-08-31 17:50:41,911 epoch 5/20 train_loss=0.3209 val_loss=0.7830 train_macro_f1=0.8529 val_macro_f1=0.7050
2026-08-31 17:50:53,015 epoch 6/20 train_loss=0.2791 val_loss=0.8105 train_macro_f1=0.8806 val_macro_f1=0.7123
2026-08-31 17:51:04,091 epoch 7/20 train_loss=0.2580 val_loss=0.9204 train_macro_f1=0.8944 val_macro_f1=0.7156
2026-08-31 17:51:15,244 epoch 8/20 train_loss=0.2166 val_loss=0.8044 train_macro_f1=0.8922 val_macro_f1=0.7369
2026-08-31 17:51:26,353 epoch 9/20 train_loss=0.1927 val_loss=0.9411 train_macro_f1=0.9168 val_macro_f1=0.7129
2026-08-31 17:51:37,353 epoch 10/20 train_loss=0.1878 val_loss=0.7552 train_macro_f1=0.8521 val_macro_f1=0.7169
2026-08-31 17:51:48,457 epoch 11/20 train_loss=0.1620 val_loss=0.8091 train_macro_f1=0.9124 val_macro_f1=0.7370
2026-08-31 17:51:59,406 epoch 12/20 train_loss=0.1555 val_loss=0.8948 train_macro_f1=0.9140 val_macro_f1=0.7301
2026-08-31 17:52:10,381 epoch 13/20 train_loss=0.1455 val_loss=0.9772 train_macro_f1=0.9412 val_macro_f1=0.7385
2026-08-31 17:52:21,513 epoch 14/20 train_loss=0.1224 val_loss=0.9706 train_macro_f1=0.9535 val_macro_f1=0.7537
2026-08-31 17:52:32,676 epoch 15/20 train_loss=0.1229 val_loss=0.9996 train_macro_f1=0.9562 val_macro_f1=0.7431
2026-08-31 17:52:43,851 epoch 16/20 train_loss=0.1087 val_loss=1.1680 train_macro_f1=0.9668 val_macro_f1=0.7284
2026-08-31 17:52:55,077 epoch 17/20 train_loss=0.0887 val_loss=1.0425 train_macro_f1=0.9001 val_macro_f1=0.7472
2026-08-31 17:53:06,172 epoch 18/20 train_loss=0.0822 val_loss=1.0806 train_macro_f1=0.9425 val_macro_f1=0.7403
2026-08-31 17:53:17,311 epoch 19/20 train_loss=0.0878 val_loss=1.0697 train_macro_f1=0.8987 val_macro_f1=0.7428
2026-08-31 17:53:28,451 epoch 20/20 train_loss=0.0701 val_loss=1.5340 train_macro_f1=0.9701 val_macro_f1=0.7214
run_id: sweep_mobilenet_v3_large_20260831-174946
trainable/total params: 4210999/4210999 (100.0%)
wall clock: 222.1s
| class | AP | precision | recall | F1 |
|---|---|---|---|---|
| Bipolar Forceps | 0.963 | 0.892 | 0.973 | 0.931 |
| Prograsp Forceps | 0.685 | 0.684 | 0.524 | 0.593 |
| Large Needle Driver | 0.974 | 0.931 | 0.912 | 0.921 |
| Monopolar Curved Scissors | 0.993 | 0.947 | 0.975 | 0.961 |
| Suction Instrument | 0.720 | 0.568 | 0.689 | 0.623 |
| Clip Applier | 0.844 | 0.962 | 0.658 | 0.781 |
| Laparoscopic Grasper | 0.486 | 0.474 | 0.457 | 0.465 |
| **mean/macro** | 0.809 | | | 0.754 |
manifest: /home/yzx/Desktop/Classification Surgurical Tools/experiments/sweep_mobilenet_v3_large_20260831-174946/manifest.json
