2026-08-31 17:33:36,210 trainable params: 1525031 / 1525031 (100.0%)
2026-08-31 17:33:46,277 epoch 1/20 train_loss=0.3967 val_loss=0.4043 train_macro_f1=0.5260 val_macro_f1=0.4465
2026-08-31 17:33:56,006 epoch 2/20 train_loss=0.3103 val_loss=0.3802 train_macro_f1=0.6548 val_macro_f1=0.5295
2026-08-31 17:34:05,557 epoch 3/20 train_loss=0.2732 val_loss=0.3109 train_macro_f1=0.7179 val_macro_f1=0.5349
2026-08-31 17:34:15,409 epoch 4/20 train_loss=0.2533 val_loss=0.3484 train_macro_f1=0.7448 val_macro_f1=0.5682
2026-08-31 17:34:24,977 epoch 5/20 train_loss=0.2312 val_loss=0.3286 train_macro_f1=0.7977 val_macro_f1=0.5876
2026-08-31 17:34:34,614 epoch 6/20 train_loss=0.2167 val_loss=0.3480 train_macro_f1=0.7827 val_macro_f1=0.5683
2026-08-31 17:34:44,310 epoch 7/20 train_loss=0.2067 val_loss=0.3495 train_macro_f1=0.7658 val_macro_f1=0.5513
2026-08-31 17:34:53,995 epoch 8/20 train_loss=0.1892 val_loss=0.2918 train_macro_f1=0.8501 val_macro_f1=0.6470
2026-08-31 17:35:03,714 epoch 9/20 train_loss=0.1874 val_loss=0.3097 train_macro_f1=0.8197 val_macro_f1=0.6108
2026-08-31 17:35:13,391 epoch 10/20 train_loss=0.1682 val_loss=0.3143 train_macro_f1=0.8557 val_macro_f1=0.6145
2026-08-31 17:35:23,019 epoch 11/20 train_loss=0.1580 val_loss=0.2975 train_macro_f1=0.8807 val_macro_f1=0.6316
2026-08-31 17:35:32,715 epoch 12/20 train_loss=0.1488 val_loss=0.3228 train_macro_f1=0.8976 val_macro_f1=0.6361
2026-08-31 17:35:42,259 epoch 13/20 train_loss=0.1349 val_loss=0.3284 train_macro_f1=0.9067 val_macro_f1=0.6343
2026-08-31 17:35:51,883 epoch 14/20 train_loss=0.1284 val_loss=0.3322 train_macro_f1=0.9152 val_macro_f1=0.6545
2026-08-31 17:36:01,537 epoch 15/20 train_loss=0.1233 val_loss=0.3436 train_macro_f1=0.9156 val_macro_f1=0.6218
2026-08-31 17:36:11,117 epoch 16/20 train_loss=0.1112 val_loss=0.3425 train_macro_f1=0.9201 val_macro_f1=0.6444
2026-08-31 17:36:20,867 epoch 17/20 train_loss=0.1078 val_loss=0.3459 train_macro_f1=0.9397 val_macro_f1=0.6718
2026-08-31 17:36:30,543 epoch 18/20 train_loss=0.1006 val_loss=0.3327 train_macro_f1=0.9407 val_macro_f1=0.6724
2026-08-31 17:36:40,270 epoch 19/20 train_loss=0.0933 val_loss=0.3681 train_macro_f1=0.9490 val_macro_f1=0.6546
2026-08-31 17:36:49,965 epoch 20/20 train_loss=0.0843 val_loss=0.3693 train_macro_f1=0.9499 val_macro_f1=0.6294
run_id: imbalance_augmentation_20260831-173336
trainable/total params: 1525031/1525031 (100.0%)
wall clock: 193.8s
| class | AP | precision | recall | F1 |
|---|---|---|---|---|
| Bipolar Forceps | 0.946 | 0.892 | 0.932 | 0.911 |
| Prograsp Forceps | 0.680 | 0.610 | 0.555 | 0.581 |
| Large Needle Driver | 0.945 | 0.962 | 0.752 | 0.844 |
| Monopolar Curved Scissors | 0.989 | 0.923 | 0.980 | 0.951 |
| Suction Instrument | 0.590 | 0.573 | 0.417 | 0.483 |
| Clip Applier | 0.686 | 0.929 | 0.342 | 0.500 |
| Laparoscopic Grasper | 0.457 | 0.508 | 0.383 | 0.437 |
| **mean/macro** | 0.756 | | | 0.672 |
manifest: /home/yzx/Desktop/Classification Surgurical Tools/experiments/imbalance_augmentation_20260831-173336/manifest.json
